
> nextn@0.1.0 build
> next build

   Γû▓ Next.js 15.3.3

   Creating an optimized production build ...
 Γ£ô Compiled successfully in 3.0s
   Skipping validation of types
   Skipping linting
   Collecting page data ...
   Generating static pages (0/5) ...
   Generating static pages (1/5) 
   Generating static pages (2/5) 
   Generating static pages (3/5) 
 Γ£ô Generating static pages (5/5)
   Finalizing page optimization ...
   Collecting build traces ...
   Exporting (0/3) ...
 Γ£ô Exporting (3/3)

Route (app)                                 Size  First Load JS
Γöî Γùï /                                    47.5 kB         160 kB
Γöö Γùï /_not-found                            977 B         102 kB
+ First Load JS shared by all             101 kB
  Γö£ chunks/4bd1b696-a25418325034b528.js  53.2 kB
  Γö£ chunks/684-5d5b722cdaa695fb.js       45.6 kB
  Γöö other shared chunks (total)           1.9 kB


Γùï  (Static)  prerendered as static content

